// Jest Snapshot v1, https://goo.gl/fbAQLP

exports[`Menu Renders 1`] = `
<View>
  <View
    onLayout={[Function]}
    style={
      Object {
        "alignSelf": "flex-start",
        "width": "auto",
      }
    }
  />
  <Modal
    animationType="none"
    onLayout={[Function]}
    transparent={true}
    visible={false}
  >
    <ForwardRef(AnimatedComponentWrapper)
      style={
        Array [
          40,
          Object {
            "height": 0,
            "opacity": 0,
            "top": 0,
            "width": 0,
          },
          undefined,
        ]
      }
      useNativeDriver={false}
    >
      <View
        onLayout={[Function]}
        style={
          Array [
            41,
            Object {
              "width": "auto",
            },
            undefined,
          ]
        }
      >
        <ScrollView
          contentContainerStyle={
            Array [
              Object {
                "paddingVertical": 8,
              },
              undefined,
            ]
          }
        />
      </View>
    </ForwardRef(AnimatedComponentWrapper)>
  </Modal>
</View>
`;
