// Jest Snapshot v1, https://goo.gl/fbAQLP

exports[`Menu Renders 1`] = `
<View>
  <View
    onLayout={[Function]}
    style={
      Object {
        "alignSelf": "flex-start",
        "width": "auto",
      }
    }
  />
  <Modal
    animationType="none"
    onLayout={[Function]}
    transparent={true}
    visible={false}
  >
    <ForwardRef(AnimatedComponentWrapper)
      style={
        Array [
          Object {
            "overflow": "hidden",
            "position": "absolute",
            "top": -10,
            "zIndex": 200,
          },
          Object {
            "height": 0,
            "opacity": 0,
            "top": 0,
            "width": 0,
          },
          undefined,
        ]
      }
      useNativeDriver={false}
    >
      <View
        onLayout={[Function]}
        style={
          Array [
            Object {
              "backgroundColor": "white",
              "borderRadius": 6,
              "left": 10,
              "minWidth": 112,
              "position": "absolute",
              "shadowColor": "#000",
              "shadowOffset": Object {
                "height": 4,
                "width": 0,
              },
              "shadowOpacity": 0.3,
              "shadowRadius": 4.65,
              "top": 10,
              "zIndex": 200,
            },
            Object {
              "width": "auto",
            },
            undefined,
          ]
        }
      >
        <ScrollView
          contentContainerStyle={
            Array [
              Object {
                "paddingVertical": 8,
              },
              undefined,
            ]
          }
        />
      </View>
    </ForwardRef(AnimatedComponentWrapper)>
  </Modal>
</View>
`;
