// Jest Snapshot v1, https://goo.gl/fbAQLP

exports[`Ripple Renders 1`] = `
<div
  className="css-view-1dbjc4n"
  data-focusable={true}
  data-testid="mb-ripple"
  onClick={[Function]}
  onContextMenu={[Function]}
  onKeyDown={[Function]}
  tabIndex="0"
>
  <div
    className="css-view-1dbjc4n r-pointerEvents-633pao"
    style={
      Object {
        "backgroundColor": "rgba(0,0,0,0.00)",
        "borderBottomLeftRadius": "0px",
        "borderBottomRightRadius": "0px",
        "borderTopLeftRadius": "0px",
        "borderTopRightRadius": "0px",
        "bottom": "0px",
        "left": "0px",
        "overflowX": "hidden",
        "overflowY": "hidden",
        "position": "absolute",
        "right": "0px",
        "top": "0px",
        "zIndex": 10,
      }
    }
  />
</div>
`;
